// Jest Snapshot v1, https://goo.gl/fbAQLP

exports[`Game should match snapshot 1`] = `
<div
  class="Gamestyles__GameWrapper-jLsCpQ eeHOOG"
  data-testid="game-wrapper"
  tabindex="0"
>
  <mocked-playingfield
    data-testid="game-playfield"
    ispaused="false"
  >
    Playingfield
  </mocked-playingfield>
</div>
`;
