// Vitest Snapshot v1, https://vitest.dev/guide/snapshot.html

exports[`Game > should match snapshot 1`] = `
.c3 {
  all: unset;
  position: absolute;
  inset-block-end: 0.5rem;
  inset-inline-end: 0.5em;
  cursor: pointer;
}

.c4 {
  display: block;
}

.c4 .soundwaves {
  display: none;
}

.c1 {
  position: relative;
  inline-size: 100%;
  block-size: 100%;
  contain: strict;
  pointer-events: none;
  filter: invert(50%) brightness(0.25);
  transition: filter 0.1s;
  will-change: filter;
}

.c0 {
  position: relative;
  inline-size: 100dvi;
  block-size: 100dvb;
  overflow: clip;
}

.c2 {
  all: unset;
  position: absolute;
  inset: 0;
  overflow: clip;
  cursor: pointer;
}

<div
  class="c0"
  data-testid="game"
>
  <div
    class="c1"
    data-testid="playingfield"
  />
  <button
    aria-label="Pause button"
    aria-pressed="true"
    class="c2"
  />
  <button
    aria-label="Play sound"
    aria-pressed="false"
    class="c3"
    type="button"
  >
    <svg
      aria-hidden="true"
      class="c4"
      data-testid="soundtoggle-icon"
      height="85.355"
      viewBox="80.775 -23.508 85.413 85.355"
      width="85.413"
      xmlns="http://www.w3.org/2000/svg"
    >
      <path
        class="soundwaves"
        d="M106.056 16.905a19.5 19.5 0 0 1 15.132-15.132M96.015 16.905a30 30 0 0 1 25.173-25.173M86.823 16.905c1.973-18.1 16.265-32.392 34.365-34.365"
        fill="none"
        stroke="#fff"
        stroke-linecap="round"
        stroke-width="5"
      />
      <path
        class="speaker"
        d="m107.943 38.238 22.621 1.639 11.48 11.48 13.501-13.501L144.24 26.55l-1.66-22.947-34.636 34.635Z"
        fill="#fff"
        stroke="#fff"
        stroke-linejoin="round"
        stroke-width="5"
      />
    </svg>
  </button>
  <audio
    aria-label="Sound signal emitted by the species Felis catus during interaction with Homo sapiens"
    data-testid="audio-tag"
    preload="auto"
  >
    <source
      data-testid="audio-file"
      src="/src/assets/soundFile.wav"
      type="audio/wav"
    />
  </audio>
</div>
`;
