// Jest Snapshot v1, https://goo.gl/fbAQLP

exports[`Components should match snapshot 1`] = `
<div
  class="Controlsstyles__Controls-kIyccD isEcOA"
  data-testid="controls"
>
  <button
    class="Controlsstyles__Control-fyrJBQ coIkqO"
    data-testid="controls-control"
    type="button"
  >
    <svg
      data-testid="controls-icon"
    >
      SVG markup
    </svg>
  </button>
</div>
`;
